components/Diagnosis.tsx(352,5): error TS17004: Cannot use JSX unless the '--jsx' flag is provided.
components/Diagnosis.tsx(354,7): error TS17004: Cannot use JSX unless the '--jsx' flag is provided.
components/Diagnosis.tsx(355,9): error TS17004: Cannot use JSX unless the '--jsx' flag is provided.
components/Diagnosis.tsx(356,11): error TS17004: Cannot use JSX unless the '--jsx' flag is provided.
components/Diagnosis.tsx(357,13): error TS17004: Cannot use JSX unless the '--jsx' flag is provided.
components/Diagnosis.tsx(359,11): error TS17004: Cannot use JSX unless the '--jsx' flag is provided.
components/Diagnosis.tsx(360,11): error TS17004: Cannot use JSX unless the '--jsx' flag is provided.
components/Diagnosis.tsx(362,9): error TS17004: Cannot use JSX unless the '--jsx' flag is provided.
components/Diagnosis.tsx(363,11): error TS17004: Cannot use JSX unless the '--jsx' flag is provided.
components/Diagnosis.tsx(368,7): error TS17004: Cannot use JSX unless the '--jsx' flag is provided.
components/Diagnosis.tsx(369,9): error TS17004: Cannot use JSX unless the '--jsx' flag is provided.
components/Diagnosis.tsx(370,9): error TS17004: Cannot use JSX unless the '--jsx' flag is provided.
components/Diagnosis.tsx(371,11): error TS17004: Cannot use JSX unless the '--jsx' flag is provided.
components/Diagnosis.tsx(372,13): error TS17004: Cannot use JSX unless the '--jsx' flag is provided.
components/Diagnosis.tsx(373,15): error TS17004: Cannot use JSX unless the '--jsx' flag is provided.
components/Diagnosis.tsx(375,13): error TS17004: Cannot use JSX unless the '--jsx' flag is provided.
components/Diagnosis.tsx(376,15): error TS17004: Cannot use JSX unless the '--jsx' flag is provided.
components/Diagnosis.tsx(377,15): error TS17004: Cannot use JSX unless the '--jsx' flag is provided.
components/Diagnosis.tsx(380,11): error TS17004: Cannot use JSX unless the '--jsx' flag is provided.
components/Diagnosis.tsx(381,31): error TS17004: Cannot use JSX unless the '--jsx' flag is provided.
components/Diagnosis.tsx(382,13): error TS17004: Cannot use JSX unless the '--jsx' flag is provided.
components/Diagnosis.tsx(387,9): error TS17004: Cannot use JSX unless the '--jsx' flag is provided.
components/Diagnosis.tsx(389,13): error TS17004: Cannot use JSX unless the '--jsx' flag is provided.
components/Diagnosis.tsx(390,15): error TS17004: Cannot use JSX unless the '--jsx' flag is provided.
components/Diagnosis.tsx(391,15): error TS17004: Cannot use JSX unless the '--jsx' flag is provided.
components/Diagnosis.tsx(392,17): error TS17004: Cannot use JSX unless the '--jsx' flag is provided.
components/Diagnosis.tsx(393,19): error TS17004: Cannot use JSX unless the '--jsx' flag is provided.
components/Diagnosis.tsx(394,19): error TS17004: Cannot use JSX unless the '--jsx' flag is provided.
components/Diagnosis.tsx(396,17): error TS17004: Cannot use JSX unless the '--jsx' flag is provided.
components/Diagnosis.tsx(400,15): error TS17004: Cannot use JSX unless the '--jsx' flag is provided.
components/Diagnosis.tsx(401,17): error TS17004: Cannot use JSX unless the '--jsx' flag is provided.
components/Diagnosis.tsx(402,19): error TS17004: Cannot use JSX unless the '--jsx' flag is provided.
components/Diagnosis.tsx(405,17): error TS17004: Cannot use JSX unless the '--jsx' flag is provided.
components/Diagnosis.tsx(406,19): error TS17004: Cannot use JSX unless the '--jsx' flag is provided.
components/Diagnosis.tsx(414,9): error TS17004: Cannot use JSX unless the '--jsx' flag is provided.
components/Diagnosis.tsx(429,13): error TS17004: Cannot use JSX unless the '--jsx' flag is provided.
components/Diagnosis.tsx(436,15): error TS17004: Cannot use JSX unless the '--jsx' flag is provided.
components/Diagnosis.tsx(437,15): error TS17004: Cannot use JSX unless the '--jsx' flag is provided.
components/Diagnosis.tsx(438,15): error TS17004: Cannot use JSX unless the '--jsx' flag is provided.
components/Diagnosis.tsx(442,15): error TS17004: Cannot use JSX unless the '--jsx' flag is provided.
components/Diagnosis.tsx(443,17): error TS17004: Cannot use JSX unless the '--jsx' flag is provided.
components/Diagnosis.tsx(447,17): error TS17004: Cannot use JSX unless the '--jsx' flag is provided.
components/Diagnosis.tsx(453,9): error TS17004: Cannot use JSX unless the '--jsx' flag is provided.
components/Diagnosis.tsx(454,11): error TS17004: Cannot use JSX unless the '--jsx' flag is provided.
components/Diagnosis.tsx(455,13): error TS17004: Cannot use JSX unless the '--jsx' flag is provided.
components/Diagnosis.tsx(456,13): error TS17004: Cannot use JSX unless the '--jsx' flag is provided.
components/Diagnosis.tsx(458,11): error TS17004: Cannot use JSX unless the '--jsx' flag is provided.
components/Diagnosis.tsx(459,13): error TS17004: Cannot use JSX unless the '--jsx' flag is provided.
components/Diagnosis.tsx(460,13): error TS17004: Cannot use JSX unless the '--jsx' flag is provided.
components/Diagnosis.tsx(462,11): error TS17004: Cannot use JSX unless the '--jsx' flag is provided.
components/Diagnosis.tsx(463,13): error TS17004: Cannot use JSX unless the '--jsx' flag is provided.
components/Diagnosis.tsx(464,13): error TS17004: Cannot use JSX unless the '--jsx' flag is provided.
components/Diagnosis.tsx(470,9): error TS17004: Cannot use JSX unless the '--jsx' flag is provided.
components/Diagnosis.tsx(473,11): error TS17004: Cannot use JSX unless the '--jsx' flag is provided.
components/Diagnosis.tsx(474,13): error TS17004: Cannot use JSX unless the '--jsx' flag is provided.
components/Diagnosis.tsx(476,13): error TS17004: Cannot use JSX unless the '--jsx' flag is provided.
components/Diagnosis.tsx(477,15): error TS17004: Cannot use JSX unless the '--jsx' flag is provided.
components/Diagnosis.tsx(478,17): error TS17004: Cannot use JSX unless the '--jsx' flag is provided.
components/Diagnosis.tsx(479,17): error TS17004: Cannot use JSX unless the '--jsx' flag is provided.
components/Diagnosis.tsx(482,15): error TS17004: Cannot use JSX unless the '--jsx' flag is provided.
components/Diagnosis.tsx(483,17): error TS17004: Cannot use JSX unless the '--jsx' flag is provided.
components/Diagnosis.tsx(487,19): error TS17004: Cannot use JSX unless the '--jsx' flag is provided.
components/Diagnosis.tsx(489,17): error TS17004: Cannot use JSX unless the '--jsx' flag is provided.
components/Diagnosis.tsx(493,19): error TS17004: Cannot use JSX unless the '--jsx' flag is provided.
components/Diagnosis.tsx(499,13): error TS17004: Cannot use JSX unless the '--jsx' flag is provided.
components/Diagnosis.tsx(500,15): error TS17004: Cannot use JSX unless the '--jsx' flag is provided.
components/Diagnosis.tsx(501,17): error TS17004: Cannot use JSX unless the '--jsx' flag is provided.
components/Diagnosis.tsx(503,21): error TS17004: Cannot use JSX unless the '--jsx' flag is provided.
components/Diagnosis.tsx(509,17): error TS17004: Cannot use JSX unless the '--jsx' flag is provided.
components/Diagnosis.tsx(510,19): error TS17004: Cannot use JSX unless the '--jsx' flag is provided.
components/Diagnosis.tsx(513,19): error TS17004: Cannot use JSX unless the '--jsx' flag is provided.
components/Diagnosis.tsx(514,21): error TS17004: Cannot use JSX unless the '--jsx' flag is provided.
components/Diagnosis.tsx(515,21): error TS17004: Cannot use JSX unless the '--jsx' flag is provided.
components/Diagnosis.tsx(516,21): error TS17004: Cannot use JSX unless the '--jsx' flag is provided.
components/Diagnosis.tsx(517,21): error TS17004: Cannot use JSX unless the '--jsx' flag is provided.
components/Diagnosis.tsx(518,21): error TS17004: Cannot use JSX unless the '--jsx' flag is provided.
components/Diagnosis.tsx(520,21): error TS17004: Cannot use JSX unless the '--jsx' flag is provided.
components/Diagnosis.tsx(521,21): error TS17004: Cannot use JSX unless the '--jsx' flag is provided.
components/Diagnosis.tsx(524,19): error TS17004: Cannot use JSX unless the '--jsx' flag is provided.
components/Diagnosis.tsx(525,21): error TS17004: Cannot use JSX unless the '--jsx' flag is provided.
components/Diagnosis.tsx(525,206): error TS17004: Cannot use JSX unless the '--jsx' flag is provided.
components/Diagnosis.tsx(528,23): error TS17004: Cannot use JSX unless the '--jsx' flag is provided.
components/Diagnosis.tsx(529,25): error TS17004: Cannot use JSX unless the '--jsx' flag is provided.
components/Diagnosis.tsx(532,23): error TS17004: Cannot use JSX unless the '--jsx' flag is provided.
components/Diagnosis.tsx(533,25): error TS17004: Cannot use JSX unless the '--jsx' flag is provided.
components/Diagnosis.tsx(537,27): error TS17004: Cannot use JSX unless the '--jsx' flag is provided.
components/Diagnosis.tsx(540,27): error TS17004: Cannot use JSX unless the '--jsx' flag is provided.
components/Diagnosis.tsx(541,29): error TS17004: Cannot use JSX unless the '--jsx' flag is provided.
components/Diagnosis.tsx(546,21): error TS17004: Cannot use JSX unless the '--jsx' flag is provided.
components/Diagnosis.tsx(550,17): error TS17004: Cannot use JSX unless the '--jsx' flag is provided.
components/Diagnosis.tsx(552,21): error TS17004: Cannot use JSX unless the '--jsx' flag is provided.
components/Diagnosis.tsx(554,21): error TS17004: Cannot use JSX unless the '--jsx' flag is provided.
components/Diagnosis.tsx(557,21): error TS17004: Cannot use JSX unless the '--jsx' flag is provided.
components/Diagnosis.tsx(558,23): error TS17004: Cannot use JSX unless the '--jsx' flag is provided.
components/Diagnosis.tsx(559,23): error TS17004: Cannot use JSX unless the '--jsx' flag is provided.
components/Diagnosis.tsx(560,25): error TS17004: Cannot use JSX unless the '--jsx' flag is provided.
components/Diagnosis.tsx(562,23): error TS17004: Cannot use JSX unless the '--jsx' flag is provided.
components/Diagnosis.tsx(563,25): error TS17004: Cannot use JSX unless the '--jsx' flag is provided.
components/Diagnosis.tsx(564,25): error TS17004: Cannot use JSX unless the '--jsx' flag is provided.
components/Diagnosis.tsx(565,27): error TS17004: Cannot use JSX unless the '--jsx' flag is provided.
components/Diagnosis.tsx(571,21): error TS17004: Cannot use JSX unless the '--jsx' flag is provided.
components/Diagnosis.tsx(575,23): error TS17004: Cannot use JSX unless the '--jsx' flag is provided.
components/Diagnosis.tsx(580,17): error TS17004: Cannot use JSX unless the '--jsx' flag is provided.
components/Diagnosis.tsx(581,19): error TS17004: Cannot use JSX unless the '--jsx' flag is provided.
components/Diagnosis.tsx(582,21): error TS17004: Cannot use JSX unless the '--jsx' flag is provided.
components/Diagnosis.tsx(586,23): error TS17004: Cannot use JSX unless the '--jsx' flag is provided.
components/Diagnosis.tsx(587,49): error TS17004: Cannot use JSX unless the '--jsx' flag is provided.
components/Diagnosis.tsx(587,72): error TS17004: Cannot use JSX unless the '--jsx' flag is provided.
components/Diagnosis.tsx(589,23): error TS17004: Cannot use JSX unless the '--jsx' flag is provided.
components/Diagnosis.tsx(591,21): error TS17004: Cannot use JSX unless the '--jsx' flag is provided.
components/Diagnosis.tsx(595,23): error TS17004: Cannot use JSX unless the '--jsx' flag is provided.
components/Diagnosis.tsx(596,25): error TS17004: Cannot use JSX unless the '--jsx' flag is provided.
components/Diagnosis.tsx(598,23): error TS17004: Cannot use JSX unless the '--jsx' flag is provided.
components/Diagnosis.tsx(601,19): error TS17004: Cannot use JSX unless the '--jsx' flag is provided.
components/Diagnosis.tsx(604,15): error TS17004: Cannot use JSX unless the '--jsx' flag is provided.
components/Diagnosis.tsx(605,15): error TS17004: Cannot use JSX unless the '--jsx' flag is provided.
components/Diagnosis.tsx(609,13): error TS17004: Cannot use JSX unless the '--jsx' flag is provided.
components/Diagnosis.tsx(610,15): error TS17004: Cannot use JSX unless the '--jsx' flag is provided.
components/Diagnosis.tsx(611,17): error TS17004: Cannot use JSX unless the '--jsx' flag is provided.
components/Diagnosis.tsx(612,19): error TS17004: Cannot use JSX unless the '--jsx' flag is provided.
components/Diagnosis.tsx(614,17): error TS17004: Cannot use JSX unless the '--jsx' flag is provided.
components/Diagnosis.tsx(622,15): error TS17004: Cannot use JSX unless the '--jsx' flag is provided.
components/Diagnosis.tsx(623,17): error TS17004: Cannot use JSX unless the '--jsx' flag is provided.
components/Diagnosis.tsx(624,19): error TS17004: Cannot use JSX unless the '--jsx' flag is provided.
components/Diagnosis.tsx(624,86): error TS17004: Cannot use JSX unless the '--jsx' flag is provided.
components/Diagnosis.tsx(625,19): error TS17004: Cannot use JSX unless the '--jsx' flag is provided.
components/Diagnosis.tsx(626,21): error TS17004: Cannot use JSX unless the '--jsx' flag is provided.
components/Diagnosis.tsx(627,21): error TS17004: Cannot use JSX unless the '--jsx' flag is provided.
components/Diagnosis.tsx(631,17): error TS17004: Cannot use JSX unless the '--jsx' flag is provided.
components/Diagnosis.tsx(636,30): error TS17004: Cannot use JSX unless the '--jsx' flag is provided.
components/Diagnosis.tsx(636,79): error TS17004: Cannot use JSX unless the '--jsx' flag is provided.
components/Diagnosis.tsx(643,15): error TS17004: Cannot use JSX unless the '--jsx' flag is provided.
components/Diagnosis.tsx(644,17): error TS17004: Cannot use JSX unless the '--jsx' flag is provided.
components/Diagnosis.tsx(651,9): error TS17004: Cannot use JSX unless the '--jsx' flag is provided.
components/Diagnosis.tsx(655,13): error TS17004: Cannot use JSX unless the '--jsx' flag is provided.
components/Diagnosis.tsx(656,15): error TS17004: Cannot use JSX unless the '--jsx' flag is provided.
components/Diagnosis.tsx(657,15): error TS17004: Cannot use JSX unless the '--jsx' flag is provided.
components/Diagnosis.tsx(657,152): error TS17004: Cannot use JSX unless the '--jsx' flag is provided.
components/Diagnosis.tsx(658,15): error TS17004: Cannot use JSX unless the '--jsx' flag is provided.
components/Diagnosis.tsx(659,17): error TS17004: Cannot use JSX unless the '--jsx' flag is provided.
components/Diagnosis.tsx(660,17): error TS17004: Cannot use JSX unless the '--jsx' flag is provided.
components/Diagnosis.tsx(662,15): error TS17004: Cannot use JSX unless the '--jsx' flag is provided.
components/Diagnosis.tsx(667,13): error TS17004: Cannot use JSX unless the '--jsx' flag is provided.
components/Diagnosis.tsx(670,15): error TS17004: Cannot use JSX unless the '--jsx' flag is provided.
components/Diagnosis.tsx(671,17): error TS17004: Cannot use JSX unless the '--jsx' flag is provided.
components/Diagnosis.tsx(672,17): error TS17004: Cannot use JSX unless the '--jsx' flag is provided.
components/Diagnosis.tsx(675,19): error TS17004: Cannot use JSX unless the '--jsx' flag is provided.
components/Diagnosis.tsx(677,23): error TS17004: Cannot use JSX unless the '--jsx' flag is provided.
components/Diagnosis.tsx(679,23): error TS17004: Cannot use JSX unless the '--jsx' flag is provided.
components/Diagnosis.tsx(681,21): error TS17004: Cannot use JSX unless the '--jsx' flag is provided.
components/Diagnosis.tsx(682,21): error TS17004: Cannot use JSX unless the '--jsx' flag is provided.
components/Diagnosis.tsx(683,23): error TS17004: Cannot use JSX unless the '--jsx' flag is provided.
components/Diagnosis.tsx(684,25): error TS17004: Cannot use JSX unless the '--jsx' flag is provided.
components/Diagnosis.tsx(685,25): error TS17004: Cannot use JSX unless the '--jsx' flag is provided.
components/Diagnosis.tsx(687,23): error TS17004: Cannot use JSX unless the '--jsx' flag is provided.
components/Diagnosis.tsx(688,45): error TS17004: Cannot use JSX unless the '--jsx' flag is provided.
components/Diagnosis.tsx(688,98): error TS17004: Cannot use JSX unless the '--jsx' flag is provided.
components/Diagnosis.tsx(695,19): error TS17004: Cannot use JSX unless the '--jsx' flag is provided.
components/Diagnosis.tsx(696,21): error TS17004: Cannot use JSX unless the '--jsx' flag is provided.
components/Diagnosis.tsx(697,23): error TS17004: Cannot use JSX unless the '--jsx' flag is provided.
components/Diagnosis.tsx(698,25): error TS17004: Cannot use JSX unless the '--jsx' flag is provided.
components/Diagnosis.tsx(699,27): error TS17004: Cannot use JSX unless the '--jsx' flag is provided.
components/Diagnosis.tsx(700,27): error TS17004: Cannot use JSX unless the '--jsx' flag is provided.
components/Diagnosis.tsx(702,25): error TS17004: Cannot use JSX unless the '--jsx' flag is provided.
components/Diagnosis.tsx(705,23): error TS17004: Cannot use JSX unless the '--jsx' flag is provided.
components/Diagnosis.tsx(706,25): error TS17004: Cannot use JSX unless the '--jsx' flag is provided.
components/Diagnosis.tsx(707,25): error TS17004: Cannot use JSX unless the '--jsx' flag is provided.
components/Diagnosis.tsx(708,27): error TS17004: Cannot use JSX unless the '--jsx' flag is provided.
components/Diagnosis.tsx(709,27): error TS17004: Cannot use JSX unless the '--jsx' flag is provided.
components/Diagnosis.tsx(709,144): error TS17004: Cannot use JSX unless the '--jsx' flag is provided.
components/Diagnosis.tsx(710,27): error TS17004: Cannot use JSX unless the '--jsx' flag is provided.
components/Diagnosis.tsx(714,23): error TS17004: Cannot use JSX unless the '--jsx' flag is provided.
components/Diagnosis.tsx(715,25): error TS17004: Cannot use JSX unless the '--jsx' flag is provided.
components/Diagnosis.tsx(716,27): error TS17004: Cannot use JSX unless the '--jsx' flag is provided.
components/Diagnosis.tsx(717,27): error TS17004: Cannot use JSX unless the '--jsx' flag is provided.
components/Diagnosis.tsx(719,25): error TS17004: Cannot use JSX unless the '--jsx' flag is provided.
components/Diagnosis.tsx(720,27): error TS17004: Cannot use JSX unless the '--jsx' flag is provided.
components/Diagnosis.tsx(721,27): error TS17004: Cannot use JSX unless the '--jsx' flag is provided.
components/Diagnosis.tsx(723,25): error TS17004: Cannot use JSX unless the '--jsx' flag is provided.
components/Diagnosis.tsx(724,27): error TS17004: Cannot use JSX unless the '--jsx' flag is provided.
components/Diagnosis.tsx(725,27): error TS17004: Cannot use JSX unless the '--jsx' flag is provided.
components/Diagnosis.tsx(730,21): error TS17004: Cannot use JSX unless the '--jsx' flag is provided.
components/Diagnosis.tsx(731,23): error TS17004: Cannot use JSX unless the '--jsx' flag is provided.
components/Diagnosis.tsx(735,59): error TS17004: Cannot use JSX unless the '--jsx' flag is provided.
components/Diagnosis.tsx(737,23): error TS17004: Cannot use JSX unless the '--jsx' flag is provided.
components/Diagnosis.tsx(741,25): error TS17004: Cannot use JSX unless the '--jsx' flag is provided.
components/Diagnosis.tsx(750,17): error TS17004: Cannot use JSX unless the '--jsx' flag is provided.
components/Diagnosis.tsx(753,19): error TS17004: Cannot use JSX unless the '--jsx' flag is provided.
components/Diagnosis.tsx(754,21): error TS17004: Cannot use JSX unless the '--jsx' flag is provided.
components/Diagnosis.tsx(755,21): error TS17004: Cannot use JSX unless the '--jsx' flag is provided.
components/Diagnosis.tsx(756,23): error TS17004: Cannot use JSX unless the '--jsx' flag is provided.
components/Diagnosis.tsx(757,25): error TS17004: Cannot use JSX unless the '--jsx' flag is provided.
components/Diagnosis.tsx(758,27): error TS17004: Cannot use JSX unless the '--jsx' flag is provided.
components/Diagnosis.tsx(759,29): error TS17004: Cannot use JSX unless the '--jsx' flag is provided.
components/Diagnosis.tsx(760,29): error TS17004: Cannot use JSX unless the '--jsx' flag is provided.
components/Diagnosis.tsx(762,27): error TS17004: Cannot use JSX unless the '--jsx' flag is provided.
components/Diagnosis.tsx(764,25): error TS17004: Cannot use JSX unless the '--jsx' flag is provided.
components/Diagnosis.tsx(765,27): error TS17004: Cannot use JSX unless the '--jsx' flag is provided.
components/Diagnosis.tsx(766,29): error TS17004: Cannot use JSX unless the '--jsx' flag is provided.
components/Diagnosis.tsx(767,29): error TS17004: Cannot use JSX unless the '--jsx' flag is provided.
components/Diagnosis.tsx(769,27): error TS17004: Cannot use JSX unless the '--jsx' flag is provided.
components/Diagnosis.tsx(769,137): error TS17004: Cannot use JSX unless the '--jsx' flag is provided.
components/Diagnosis.tsx(773,23): error TS17004: Cannot use JSX unless the '--jsx' flag is provided.
components/Diagnosis.tsx(774,25): error TS17004: Cannot use JSX unless the '--jsx' flag is provided.
components/Diagnosis.tsx(774,149): error TS17004: Cannot use JSX unless the '--jsx' flag is provided.
components/Diagnosis.tsx(775,25): error TS17004: Cannot use JSX unless the '--jsx' flag is provided.
components/Diagnosis.tsx(778,23): error TS17004: Cannot use JSX unless the '--jsx' flag is provided.
components/Diagnosis.tsx(779,25): error TS17004: Cannot use JSX unless the '--jsx' flag is provided.
components/Diagnosis.tsx(781,29): error TS17004: Cannot use JSX unless the '--jsx' flag is provided.
components/Diagnosis.tsx(784,25): error TS17004: Cannot use JSX unless the '--jsx' flag is provided.
components/Diagnosis.tsx(788,27): error TS17004: Cannot use JSX unless the '--jsx' flag is provided.
components/Diagnosis.tsx(794,19): error TS17004: Cannot use JSX unless the '--jsx' flag is provided.
components/Diagnosis.tsx(795,21): error TS17004: Cannot use JSX unless the '--jsx' flag is provided.
components/Diagnosis.tsx(796,23): error TS17004: Cannot use JSX unless the '--jsx' flag is provided.
components/Diagnosis.tsx(797,25): error TS17004: Cannot use JSX unless the '--jsx' flag is provided.
components/Diagnosis.tsx(798,27): error TS17004: Cannot use JSX unless the '--jsx' flag is provided.
components/Diagnosis.tsx(798,104): error TS17004: Cannot use JSX unless the '--jsx' flag is provided.
components/Diagnosis.tsx(799,27): error TS17004: Cannot use JSX unless the '--jsx' flag is provided.
components/Diagnosis.tsx(801,25): error TS17004: Cannot use JSX unless the '--jsx' flag is provided.
components/Diagnosis.tsx(802,27): error TS17004: Cannot use JSX unless the '--jsx' flag is provided.
components/Diagnosis.tsx(807,21): error TS17004: Cannot use JSX unless the '--jsx' flag is provided.
components/Diagnosis.tsx(808,23): error TS17004: Cannot use JSX unless the '--jsx' flag is provided.
components/Diagnosis.tsx(809,25): error TS17004: Cannot use JSX unless the '--jsx' flag is provided.
components/Diagnosis.tsx(810,27): error TS17004: Cannot use JSX unless the '--jsx' flag is provided.
components/Diagnosis.tsx(810,106): error TS17004: Cannot use JSX unless the '--jsx' flag is provided.
components/Diagnosis.tsx(811,27): error TS17004: Cannot use JSX unless the '--jsx' flag is provided.
components/Diagnosis.tsx(813,25): error TS17004: Cannot use JSX unless the '--jsx' flag is provided.
components/Diagnosis.tsx(814,27): error TS17004: Cannot use JSX unless the '--jsx' flag is provided.
components/Diagnosis.tsx(815,29): error TS17004: Cannot use JSX unless the '--jsx' flag is provided.
components/Diagnosis.tsx(816,29): error TS17004: Cannot use JSX unless the '--jsx' flag is provided.
components/Diagnosis.tsx(818,27): error TS17004: Cannot use JSX unless the '--jsx' flag is provided.
components/Diagnosis.tsx(819,29): error TS17004: Cannot use JSX unless the '--jsx' flag is provided.
components/Diagnosis.tsx(820,29): error TS17004: Cannot use JSX unless the '--jsx' flag is provided.
components/Diagnosis.tsx(826,21): error TS17004: Cannot use JSX unless the '--jsx' flag is provided.
components/Diagnosis.tsx(827,23): error TS17004: Cannot use JSX unless the '--jsx' flag is provided.
components/Diagnosis.tsx(828,23): error TS17004: Cannot use JSX unless the '--jsx' flag is provided.
components/Diagnosis.tsx(829,25): error TS17004: Cannot use JSX unless the '--jsx' flag is provided.
components/Diagnosis.tsx(830,27): error TS17004: Cannot use JSX unless the '--jsx' flag is provided.
components/Diagnosis.tsx(831,29): error TS17004: Cannot use JSX unless the '--jsx' flag is provided.
components/Diagnosis.tsx(832,29): error TS17004: Cannot use JSX unless the '--jsx' flag is provided.
components/Diagnosis.tsx(834,27): error TS17004: Cannot use JSX unless the '--jsx' flag is provided.
components/Diagnosis.tsx(840,27): error TS17004: Cannot use JSX unless the '--jsx' flag is provided.
components/Diagnosis.tsx(842,31): error TS17004: Cannot use JSX unless the '--jsx' flag is provided.
components/Diagnosis.tsx(843,33): error TS17004: Cannot use JSX unless the '--jsx' flag is provided.
components/Diagnosis.tsx(843,129): error TS17004: Cannot use JSX unless the '--jsx' flag is provided.
components/Diagnosis.tsx(844,33): error TS17004: Cannot use JSX unless the '--jsx' flag is provided.
components/Diagnosis.tsx(845,33): error TS17004: Cannot use JSX unless the '--jsx' flag is provided.
components/Diagnosis.tsx(846,33): error TS17004: Cannot use JSX unless the '--jsx' flag is provided.
components/Diagnosis.tsx(847,33): error TS17004: Cannot use JSX unless the '--jsx' flag is provided.
components/Diagnosis.tsx(848,35): error TS17004: Cannot use JSX unless the '--jsx' flag is provided.
components/Diagnosis.tsx(849,35): error TS17004: Cannot use JSX unless the '--jsx' flag is provided.
components/Diagnosis.tsx(856,25): error TS17004: Cannot use JSX unless the '--jsx' flag is provided.
components/Diagnosis.tsx(857,27): error TS17004: Cannot use JSX unless the '--jsx' flag is provided.
components/Diagnosis.tsx(858,27): error TS17004: Cannot use JSX unless the '--jsx' flag is provided.
components/Diagnosis.tsx(859,27): error TS17004: Cannot use JSX unless the '--jsx' flag is provided.
components/Diagnosis.tsx(868,15): error TS17004: Cannot use JSX unless the '--jsx' flag is provided.
components/Diagnosis.tsx(869,17): error TS17004: Cannot use JSX unless the '--jsx' flag is provided.
components/Diagnosis.tsx(870,17): error TS17004: Cannot use JSX unless the '--jsx' flag is provided.
components/Diagnosis.tsx(871,19): error TS17004: Cannot use JSX unless the '--jsx' flag is provided.
components/Diagnosis.tsx(872,21): error TS17004: Cannot use JSX unless the '--jsx' flag is provided.
components/Diagnosis.tsx(873,23): error TS17004: Cannot use JSX unless the '--jsx' flag is provided.
components/Diagnosis.tsx(875,21): error TS17004: Cannot use JSX unless the '--jsx' flag is provided.
components/Diagnosis.tsx(876,23): error TS17004: Cannot use JSX unless the '--jsx' flag is provided.
components/Diagnosis.tsx(877,23): error TS17004: Cannot use JSX unless the '--jsx' flag is provided.
components/Diagnosis.tsx(880,19): error TS17004: Cannot use JSX unless the '--jsx' flag is provided.
components/Diagnosis.tsx(881,21): error TS17004: Cannot use JSX unless the '--jsx' flag is provided.
components/Diagnosis.tsx(885,17): error TS17004: Cannot use JSX unless the '--jsx' flag is provided.
components/Diagnosis.tsx(886,19): error TS17004: Cannot use JSX unless the '--jsx' flag is provided.
components/Diagnosis.tsx(887,19): error TS17004: Cannot use JSX unless the '--jsx' flag is provided.
components/Diagnosis.tsx(888,19): error TS17004: Cannot use JSX unless the '--jsx' flag is provided.
components/Diagnosis.tsx(889,19): error TS17004: Cannot use JSX unless the '--jsx' flag is provided.
components/Diagnosis.tsx(894,23): error TS17004: Cannot use JSX unless the '--jsx' flag is provided.
components/Diagnosis.tsx(895,25): error TS17004: Cannot use JSX unless the '--jsx' flag is provided.
components/Diagnosis.tsx(896,27): error TS17004: Cannot use JSX unless the '--jsx' flag is provided.
components/Diagnosis.tsx(900,29): error TS17004: Cannot use JSX unless the '--jsx' flag is provided.
components/Diagnosis.tsx(902,27): error TS17004: Cannot use JSX unless the '--jsx' flag is provided.
components/Diagnosis.tsx(906,25): error TS17004: Cannot use JSX unless the '--jsx' flag is provided.
components/Diagnosis.tsx(907,27): error TS17004: Cannot use JSX unless the '--jsx' flag is provided.
components/Diagnosis.tsx(908,27): error TS17004: Cannot use JSX unless the '--jsx' flag is provided.
components/Diagnosis.tsx(914,21): error TS17004: Cannot use JSX unless the '--jsx' flag is provided.
components/Diagnosis.tsx(915,23): error TS17004: Cannot use JSX unless the '--jsx' flag is provided.
components/Diagnosis.tsx(916,23): error TS17004: Cannot use JSX unless the '--jsx' flag is provided.
components/Diagnosis.tsx(925,19): error TS17004: Cannot use JSX unless the '--jsx' flag is provided.
components/Diagnosis.tsx(926,21): error TS17004: Cannot use JSX unless the '--jsx' flag is provided.
components/Diagnosis.tsx(929,21): error TS17004: Cannot use JSX unless the '--jsx' flag is provided.
components/Diagnosis.tsx(930,23): error TS17004: Cannot use JSX unless the '--jsx' flag is provided.
components/Diagnosis.tsx(931,25): error TS17004: Cannot use JSX unless the '--jsx' flag is provided.
components/Diagnosis.tsx(931,161): error TS17004: Cannot use JSX unless the '--jsx' flag is provided.
components/Diagnosis.tsx(932,25): error TS17004: Cannot use JSX unless the '--jsx' flag is provided.
components/Diagnosis.tsx(933,27): error TS17004: Cannot use JSX unless the '--jsx' flag is provided.
components/Diagnosis.tsx(934,27): error TS17004: Cannot use JSX unless the '--jsx' flag is provided.
components/Diagnosis.tsx(940,25): error TS17004: Cannot use JSX unless the '--jsx' flag is provided.
components/Diagnosis.tsx(941,27): error TS17004: Cannot use JSX unless the '--jsx' flag is provided.
components/Diagnosis.tsx(951,27): error TS17004: Cannot use JSX unless the '--jsx' flag is provided.
components/Diagnosis.tsx(952,29): error TS17004: Cannot use JSX unless the '--jsx' flag is provided.
components/Diagnosis.tsx(953,31): error TS17004: Cannot use JSX unless the '--jsx' flag is provided.
components/Diagnosis.tsx(954,31): error TS17004: Cannot use JSX unless the '--jsx' flag is provided.
components/Diagnosis.tsx(957,27): error TS17004: Cannot use JSX unless the '--jsx' flag is provided.
components/Diagnosis.tsx(958,29): error TS17004: Cannot use JSX unless the '--jsx' flag is provided.
components/Diagnosis.tsx(963,27): error TS17004: Cannot use JSX unless the '--jsx' flag is provided.
components/Diagnosis.tsx(968,23): error TS17004: Cannot use JSX unless the '--jsx' flag is provided.
components/Diagnosis.tsx(969,25): error TS17004: Cannot use JSX unless the '--jsx' flag is provided.
components/Diagnosis.tsx(970,25): error TS17004: Cannot use JSX unless the '--jsx' flag is provided.
components/Diagnosis.tsx(971,27): error TS17004: Cannot use JSX unless the '--jsx' flag is provided.
components/Diagnosis.tsx(972,27): error TS17004: Cannot use JSX unless the '--jsx' flag is provided.
components/Diagnosis.tsx(977,23): error TS17004: Cannot use JSX unless the '--jsx' flag is provided.
components/Diagnosis.tsx(983,29): error TS17004: Cannot use JSX unless the '--jsx' flag is provided.
components/Diagnosis.tsx(984,31): error TS17004: Cannot use JSX unless the '--jsx' flag is provided.
components/Diagnosis.tsx(985,31): error TS17004: Cannot use JSX unless the '--jsx' flag is provided.
components/Diagnosis.tsx(986,33): error TS17004: Cannot use JSX unless the '--jsx' flag is provided.
components/Diagnosis.tsx(987,35): error TS17004: Cannot use JSX unless the '--jsx' flag is provided.
components/Diagnosis.tsx(989,37): error TS17004: Cannot use JSX unless the '--jsx' flag is provided.
components/Diagnosis.tsx(990,39): error TS17004: Cannot use JSX unless the '--jsx' flag is provided.
components/Diagnosis.tsx(993,39): error TS17004: Cannot use JSX unless the '--jsx' flag is provided.
components/Diagnosis.tsx(997,33): error TS17004: Cannot use JSX unless the '--jsx' flag is provided.
components/Diagnosis.tsx(998,35): error TS17004: Cannot use JSX unless the '--jsx' flag is provided.
components/Diagnosis.tsx(999,35): error TS17004: Cannot use JSX unless the '--jsx' flag is provided.
components/Diagnosis.tsx(1002,31): error TS17004: Cannot use JSX unless the '--jsx' flag is provided.
components/Diagnosis.tsx(1003,33): error TS17004: Cannot use JSX unless the '--jsx' flag is provided.
components/Diagnosis.tsx(1004,33): error TS17004: Cannot use JSX unless the '--jsx' flag is provided.
components/Diagnosis.tsx(1015,15): error TS17004: Cannot use JSX unless the '--jsx' flag is provided.
components/Diagnosis.tsx(1016,17): error TS17004: Cannot use JSX unless the '--jsx' flag is provided.
components/Diagnosis.tsx(1016,301): error TS17004: Cannot use JSX unless the '--jsx' flag is provided.
components/Diagnosis.tsx(1024,7): error TS17004: Cannot use JSX unless the '--jsx' flag is provided.
components/Diagnosis.tsx(1043,11): error TS17004: Cannot use JSX unless the '--jsx' flag is provided.
components/Diagnosis.tsx(1044,13): error TS17004: Cannot use JSX unless the '--jsx' flag is provided.
components/Diagnosis.tsx(1045,13): error TS17004: Cannot use JSX unless the '--jsx' flag is provided.
components/Diagnosis.tsx(1048,15): error TS17004: Cannot use JSX unless the '--jsx' flag is provided.
components/Diagnosis.tsx(1049,17): error TS17004: Cannot use JSX unless the '--jsx' flag is provided.
components/Diagnosis.tsx(1050,17): error TS17004: Cannot use JSX unless the '--jsx' flag is provided.
components/Diagnosis.tsx(1051,19): error TS17004: Cannot use JSX unless the '--jsx' flag is provided.
components/Diagnosis.tsx(1051,85): error TS17004: Cannot use JSX unless the '--jsx' flag is provided.
components/Diagnosis.tsx(1052,19): error TS17004: Cannot use JSX unless the '--jsx' flag is provided.
components/Diagnosis.tsx(1053,21): error TS17004: Cannot use JSX unless the '--jsx' flag is provided.
components/Diagnosis.tsx(1054,21): error TS17004: Cannot use JSX unless the '--jsx' flag is provided.
components/Diagnosis.tsx(1058,17): error TS17004: Cannot use JSX unless the '--jsx' flag is provided.
components/Diagnosis.tsx(1059,19): error TS17004: Cannot use JSX unless the '--jsx' flag is provided.
components/Diagnosis.tsx(1060,19): error TS17004: Cannot use JSX unless the '--jsx' flag is provided.
components/Diagnosis.tsx(1061,21): error TS17004: Cannot use JSX unless the '--jsx' flag is provided.
components/Diagnosis.tsx(1062,21): error TS17004: Cannot use JSX unless the '--jsx' flag is provided.
components/Diagnosis.tsx(1064,19): error TS17004: Cannot use JSX unless the '--jsx' flag is provided.
components/Diagnosis.tsx(1064,173): error TS17004: Cannot use JSX unless the '--jsx' flag is provided.
components/Diagnosis.tsx(1067,17): error TS17004: Cannot use JSX unless the '--jsx' flag is provided.
components/Diagnosis.tsx(1068,19): error TS17004: Cannot use JSX unless the '--jsx' flag is provided.
components/Diagnosis.tsx(1069,19): error TS17004: Cannot use JSX unless the '--jsx' flag is provided.
components/Diagnosis.tsx(1070,21): error TS17004: Cannot use JSX unless the '--jsx' flag is provided.
components/Diagnosis.tsx(1071,21): error TS17004: Cannot use JSX unless the '--jsx' flag is provided.
components/Diagnosis.tsx(1075,17): error TS17004: Cannot use JSX unless the '--jsx' flag is provided.
components/Diagnosis.tsx(1076,19): error TS17004: Cannot use JSX unless the '--jsx' flag is provided.
components/Diagnosis.tsx(1077,21): error TS17004: Cannot use JSX unless the '--jsx' flag is provided.
components/Diagnosis.tsx(1078,21): error TS17004: Cannot use JSX unless the '--jsx' flag is provided.
components/Diagnosis.tsx(1080,19): error TS17004: Cannot use JSX unless the '--jsx' flag is provided.
components/Diagnosis.tsx(1081,21): error TS17004: Cannot use JSX unless the '--jsx' flag is provided.
components/Diagnosis.tsx(1082,21): error TS17004: Cannot use JSX unless the '--jsx' flag is provided.
components/Diagnosis.tsx(1088,15): error TS17004: Cannot use JSX unless the '--jsx' flag is provided.
components/Diagnosis.tsx(1089,17): error TS17004: Cannot use JSX unless the '--jsx' flag is provided.
components/Diagnosis.tsx(1090,17): error TS17004: Cannot use JSX unless the '--jsx' flag is provided.
components/Diagnosis.tsx(1091,19): error TS17004: Cannot use JSX unless the '--jsx' flag is provided.
components/Diagnosis.tsx(1092,21): error TS17004: Cannot use JSX unless the '--jsx' flag is provided.
components/Diagnosis.tsx(1094,19): error TS17004: Cannot use JSX unless the '--jsx' flag is provided.
components/Diagnosis.tsx(1097,17): error TS17004: Cannot use JSX unless the '--jsx' flag is provided.
components/Diagnosis.tsx(1098,19): error TS17004: Cannot use JSX unless the '--jsx' flag is provided.
components/Diagnosis.tsx(1099,21): error TS17004: Cannot use JSX unless the '--jsx' flag is provided.
components/Diagnosis.tsx(1100,21): error TS17004: Cannot use JSX unless the '--jsx' flag is provided.
components/Diagnosis.tsx(1101,23): error TS17004: Cannot use JSX unless the '--jsx' flag is provided.
components/Diagnosis.tsx(1102,23): error TS17004: Cannot use JSX unless the '--jsx' flag is provided.
components/Diagnosis.tsx(1105,19): error TS17004: Cannot use JSX unless the '--jsx' flag is provided.
components/Diagnosis.tsx(1106,21): error TS17004: Cannot use JSX unless the '--jsx' flag is provided.
components/Diagnosis.tsx(1107,21): error TS17004: Cannot use JSX unless the '--jsx' flag is provided.
components/Diagnosis.tsx(1108,23): error TS17004: Cannot use JSX unless the '--jsx' flag is provided.
components/Diagnosis.tsx(1109,23): error TS17004: Cannot use JSX unless the '--jsx' flag is provided.
components/Diagnosis.tsx(1114,17): error TS17004: Cannot use JSX unless the '--jsx' flag is provided.
components/Diagnosis.tsx(1115,19): error TS17004: Cannot use JSX unless the '--jsx' flag is provided.
components/Diagnosis.tsx(1116,19): error TS17004: Cannot use JSX unless the '--jsx' flag is provided.
components/Diagnosis.tsx(1116,124): error TS17004: Cannot use JSX unless the '--jsx' flag is provided.
components/Diagnosis.tsx(1117,19): error TS17004: Cannot use JSX unless the '--jsx' flag is provided.
components/Diagnosis.tsx(1120,17): error TS17004: Cannot use JSX unless the '--jsx' flag is provided.
components/Diagnosis.tsx(1121,19): error TS17004: Cannot use JSX unless the '--jsx' flag is provided.
components/Diagnosis.tsx(1125,21): error TS17004: Cannot use JSX unless the '--jsx' flag is provided.
components/Diagnosis.tsx(1127,19): error TS17004: Cannot use JSX unless the '--jsx' flag is provided.
components/Diagnosis.tsx(1143,11): error TS17004: Cannot use JSX unless the '--jsx' flag is provided.
components/Diagnosis.tsx(1144,13): error TS17004: Cannot use JSX unless the '--jsx' flag is provided.
components/Diagnosis.tsx(1145,15): error TS17004: Cannot use JSX unless the '--jsx' flag is provided.
components/Diagnosis.tsx(1147,15): error TS17004: Cannot use JSX unless the '--jsx' flag is provided.
components/Diagnosis.tsx(1148,17): error TS17004: Cannot use JSX unless the '--jsx' flag is provided.
components/Diagnosis.tsx(1149,19): error TS17004: Cannot use JSX unless the '--jsx' flag is provided.
components/Diagnosis.tsx(1150,21): error TS17004: Cannot use JSX unless the '--jsx' flag is provided.
components/Diagnosis.tsx(1152,19): error TS17004: Cannot use JSX unless the '--jsx' flag is provided.
components/Diagnosis.tsx(1153,21): error TS17004: Cannot use JSX unless the '--jsx' flag is provided.
components/Diagnosis.tsx(1154,21): error TS17004: Cannot use JSX unless the '--jsx' flag is provided.
components/Diagnosis.tsx(1157,17): error TS17004: Cannot use JSX unless the '--jsx' flag is provided.
components/Diagnosis.tsx(1157,195): error TS17004: Cannot use JSX unless the '--jsx' flag is provided.
components/Diagnosis.tsx(1160,15): error TS17004: Cannot use JSX unless the '--jsx' flag is provided.
components/Diagnosis.tsx(1162,19): error TS17004: Cannot use JSX unless the '--jsx' flag is provided.
components/Diagnosis.tsx(1163,21): error TS17004: Cannot use JSX unless the '--jsx' flag is provided.
components/Diagnosis.tsx(1163,163): error TS17004: Cannot use JSX unless the '--jsx' flag is provided.
components/Diagnosis.tsx(1164,21): error TS17004: Cannot use JSX unless the '--jsx' flag is provided.
components/Diagnosis.tsx(1165,23): error TS17004: Cannot use JSX unless the '--jsx' flag is provided.
components/Diagnosis.tsx(1166,23): error TS17004: Cannot use JSX unless the '--jsx' flag is provided.
components/Diagnosis.tsx(1171,21): error TS17004: Cannot use JSX unless the '--jsx' flag is provided.
components/Diagnosis.tsx(1172,23): error TS17004: Cannot use JSX unless the '--jsx' flag is provided.
components/Diagnosis.tsx(1173,23): error TS17004: Cannot use JSX unless the '--jsx' flag is provided.
components/Diagnosis.tsx(1175,27): error TS17004: Cannot use JSX unless the '--jsx' flag is provided.
components/Diagnosis.tsx(1177,27): error TS17004: Cannot use JSX unless the '--jsx' flag is provided.
components/Diagnosis.tsx(1179,46): error TS17004: Cannot use JSX unless the '--jsx' flag is provided.
components/Diagnosis.tsx(1181,23): error TS17004: Cannot use JSX unless the '--jsx' flag is provided.
components/Diagnosis.tsx(1182,25): error TS17004: Cannot use JSX unless the '--jsx' flag is provided.
components/Diagnosis.tsx(1183,27): error TS17004: Cannot use JSX unless the '--jsx' flag is provided.
components/Diagnosis.tsx(1184,29): error TS17004: Cannot use JSX unless the '--jsx' flag is provided.
components/Diagnosis.tsx(1187,29): error TS17004: Cannot use JSX unless the '--jsx' flag is provided.
components/Diagnosis.tsx(1189,27): error TS17004: Cannot use JSX unless the '--jsx' flag is provided.
components/Diagnosis.tsx(1191,25): error TS17004: Cannot use JSX unless the '--jsx' flag is provided.
components/Diagnosis.tsx(1192,25): error TS17004: Cannot use JSX unless the '--jsx' flag is provided.
components/Diagnosis.tsx(1193,27): error TS17004: Cannot use JSX unless the '--jsx' flag is provided.
components/Diagnosis.tsx(1194,27): error TS17004: Cannot use JSX unless the '--jsx' flag is provided.
components/Diagnosis.tsx(1197,23): error TS17004: Cannot use JSX unless the '--jsx' flag is provided.
components/Diagnosis.tsx(1198,25): error TS17004: Cannot use JSX unless the '--jsx' flag is provided.
components/Diagnosis.tsx(1205,15): error TS17004: Cannot use JSX unless the '--jsx' flag is provided.
components/Diagnosis.tsx(1206,17): error TS17004: Cannot use JSX unless the '--jsx' flag is provided.
node_modules/@google/genai/dist/genai.d.ts(3,29): error TS2307: Cannot find module '@modelcontextprotocol/sdk/client/index.js' or its corresponding type declarations.
node_modules/gaxios/build/cjs/src/gaxios.d.ts(16,5): error TS18028: Private identifiers are only available when targeting ECMAScript 2015 and higher.
node_modules/google-auth-library/build/src/auth/awsclient.d.ts(83,5): error TS18028: Private identifiers are only available when targeting ECMAScript 2015 and higher.
node_modules/google-auth-library/build/src/auth/baseexternalclient.d.ts(173,5): error TS18028: Private identifiers are only available when targeting ECMAScript 2015 and higher.
node_modules/google-auth-library/build/src/auth/googleauth.d.ts(159,5): error TS18028: Private identifiers are only available when targeting ECMAScript 2015 and higher.
node_modules/google-auth-library/build/src/auth/oauth2common.d.ts(50,5): error TS18028: Private identifiers are only available when targeting ECMAScript 2015 and higher.
node_modules/google-auth-library/build/src/auth/stscredentials.d.ts(99,5): error TS18028: Private identifiers are only available when targeting ECMAScript 2015 and higher.
node_modules/google-auth-library/build/src/util.d.ts(125,5): error TS18028: Private identifiers are only available when targeting ECMAScript 2015 and higher.
node_modules/groq-sdk/core.d.ts(74,5): error TS18028: Private identifiers are only available when targeting ECMAScript 2015 and higher.
node_modules/groq-sdk/core.d.ts(155,5): error TS18028: Private identifiers are only available when targeting ECMAScript 2015 and higher.
node_modules/groq-sdk/index.d.ts(79,5): error TS18028: Private identifiers are only available when targeting ECMAScript 2015 and higher.
node_modules/gtoken/build/cjs/src/index.d.ts(38,5): error TS18028: Private identifiers are only available when targeting ECMAScript 2015 and higher.
node_modules/openai/client.d.ts(133,5): error TS18028: Private identifiers are only available when targeting ECMAScript 2015 and higher.
node_modules/openai/core/api-promise.d.ts(9,5): error TS18028: Private identifiers are only available when targeting ECMAScript 2015 and higher.
node_modules/openai/core/pagination.d.ts(7,5): error TS18028: Private identifiers are only available when targeting ECMAScript 2015 and higher.
node_modules/openai/core/streaming.d.ts(9,5): error TS18028: Private identifiers are only available when targeting ECMAScript 2015 and higher.
node_modules/openai/lib/AbstractChatCompletionRunner.d.ts(14,5): error TS18028: Private identifiers are only available when targeting ECMAScript 2015 and higher.
node_modules/openai/lib/AssistantStream.d.ts(36,5): error TS18028: Private identifiers are only available when targeting ECMAScript 2015 and higher.
node_modules/openai/lib/ChatCompletionStream.d.ts(68,5): error TS18028: Private identifiers are only available when targeting ECMAScript 2015 and higher.
node_modules/openai/lib/EventStream.d.ts(3,5): error TS18028: Private identifiers are only available when targeting ECMAScript 2015 and higher.
node_modules/openai/lib/responses/ResponseStream.d.ts(47,5): error TS18028: Private identifiers are only available when targeting ECMAScript 2015 and higher.
node_modules/openai/resources/webhooks.d.ts(4,5): error TS18028: Private identifiers are only available when targeting ECMAScript 2015 and higher.
node_modules/react-i18next/index.d.ts(171,16): error TS2665: Invalid module name in augmentation. Module 'react' resolves to an untyped module at 'C:/Users/kanth/Downloads/agroplay_-smart-farming,-made-easy/node_modules/react/index.js', which cannot be augmented.
node_modules/react-router-dom/dist/index.d.ts(1,69): error TS2307: Cannot find module 'react-router/dom' or its corresponding type declarations.
  There are types at 'C:/Users/kanth/Downloads/agroplay_-smart-farming,-made-easy/node_modules/react-router/dist/development/dom-export.d.mts', but this result could not be resolved under your current 'moduleResolution' setting. Consider updating to 'node16', 'nodenext', or 'bundler'.
node_modules/react-router/dist/development/instrumentation-DvHY1sgY.d.ts(408,5): error TS18028: Private identifiers are only available when targeting ECMAScript 2015 and higher.
services/securityService.ts(2,8): error TS1259: Module '"C:/Users/kanth/Downloads/agroplay_-smart-farming,-made-easy/node_modules/@types/crypto-js/index"' can only be default-imported using the 'esModuleInterop' flag
services/securityService.ts(6,20): error TS1343: The 'import.meta' meta-property is only allowed when the '--module' option is 'es2020', 'es2022', 'esnext', 'system', 'node16', 'node18', or 'nodenext'.
services/securityService.ts(6,32): error TS2339: Property 'env' does not exist on type 'ImportMeta'.
